// Jest Snapshot v1, https://goo.gl/fbAQLP

exports[`render loading 1`] = `
<div>
  <div
    className="cover"
  />
  <div
    className="loading"
  >
    <div
      className="spinner-border text-light"
      role="status"
    >
      <span
        className="sr-only"
      >
        Loading...
      </span>
    </div>
  </div>
</div>
`;
